{"timestamp":"2026-07-08T09:42:07.505816Z","level":"info","event":"::group::Pre Execute","logger":"task","filename":"task_runner.py","lineno":1926}
{"timestamp":"2026-07-08T09:42:07.525307Z","level":"info","event":"DAG bundles loaded: dags-folder","run_id":"manual__2026-07-08T09:42:06.455573+00:00","ti_id":"019f411b-278e-7b9e-8433-f0ab71fe57bf","task_id":"fetch_and_save_aqi_data","map_index":-1,"dag_id":"openweather_aqi_pipeline","try_number":1,"logger":"airflow.dag_processing.bundles.manager.DagBundlesManager","filename":"manager.py","lineno":209}
{"timestamp":"2026-07-08T09:42:07.528072Z","level":"info","event":"Filling up the DagBag from /opt/airflow/dags/weather_dag.py","run_id":"manual__2026-07-08T09:42:06.455573+00:00","ti_id":"019f411b-278e-7b9e-8433-f0ab71fe57bf","task_id":"fetch_and_save_aqi_data","map_index":-1,"dag_id":"openweather_aqi_pipeline","try_number":1,"logger":"airflow.dag_processing.dagbag.BundleDagBag","filename":"dagbag.py","lineno":469}
{"timestamp":"2026-07-08T09:42:07.770945Z","level":"info","event":"::endgroup::","run_id":"manual__2026-07-08T09:42:06.455573+00:00","ti_id":"019f411b-278e-7b9e-8433-f0ab71fe57bf","task_id":"fetch_and_save_aqi_data","map_index":-1,"dag_id":"openweather_aqi_pipeline","try_number":1,"logger":"task","filename":"task_runner.py","lineno":1727}
{"timestamp":"2026-07-08T09:42:07.792727Z","level":"info","event":"Running statement: CREATE TABLE IF NOT EXISTS city (\n    cityId SERIAL PRIMARY KEY,\n    cityName VARCHAR(100) NOT NULL,\n    stateName VARCHAR(100),\n    countryName VARCHAR(100),\n    latitude FLOAT8,\n    longtitude FLOAT8, \n    CONSTRAINT unique_city_country UNIQUE(cityName, countryName)\n);\n\nCREATE TABLE IF NOT EXISTS pollution (\n    cityId INT,\n    datetime TIMESTAMP,\n    ts VARCHAR(50), \n    aqius INT,\n    mainus VARCHAR(10),\n    aqicn INT,\n    maincn VARCHAR(10), \n    PRIMARY KEY (cityId, datetime),\n    FOREIGN KEY (cityId) REFERENCES city(cityId) ON DELETE CASCADE\n);, parameters: None","run_id":"manual__2026-07-08T09:42:06.455573+00:00","ti_id":"019f411b-278e-7b9e-8433-f0ab71fe57bf","task_id":"fetch_and_save_aqi_data","map_index":-1,"dag_id":"openweather_aqi_pipeline","try_number":1,"logger":"airflow.task.hooks.airflow.providers.***.hooks.***.PostgresHook","filename":"sql.py","lineno":861}
{"timestamp":"2026-07-08T09:42:08.284331Z","level":"warning","event":"Using Variable.get from `airflow.models` is deprecated.Please use `get` on Variable from sdk(`airflow.sdk.Variable`) instead","category":"DeprecationWarning","filename":"/home/airflow/.local/lib/python3.13/site-packages/airflow/models/variable.py","lineno":159,"run_id":"manual__2026-07-08T09:42:06.455573+00:00","ti_id":"019f411b-278e-7b9e-8433-f0ab71fe57bf","task_id":"fetch_and_save_aqi_data","map_index":-1,"dag_id":"openweather_aqi_pipeline","try_number":1,"logger":"py.warnings"}
{"timestamp":"2026-07-08T09:42:08.294200Z","level":"info","event":"Starting API extraction stream at 2026-07-08 09:42:08.294020","logger":"task.stdout"}
{"timestamp":"2026-07-08T09:42:08.294795Z","level":"info","event":"Processing target: Hanoi","logger":"task.stdout"}
{"timestamp":"2026-07-08T09:42:08.784466Z","level":"info","event":"Success: Pipeline synchronized 'Hanoi (VN)'.","logger":"task.stdout"}
{"timestamp":"2026-07-08T09:42:08.785023Z","level":"info","event":"Processing target: Hue","logger":"task.stdout"}
{"timestamp":"2026-07-08T09:42:09.224642Z","level":"info","event":"Success: Pipeline synchronized 'Hue (VN)'.","logger":"task.stdout"}
{"timestamp":"2026-07-08T09:42:09.225467Z","level":"info","event":"Processing target: Tokyo","logger":"task.stdout"}
{"timestamp":"2026-07-08T09:42:09.702344Z","level":"info","event":"Success: Pipeline synchronized 'Tokyo (JP)'.","logger":"task.stdout"}
{"timestamp":"2026-07-08T09:42:09.702901Z","level":"info","event":"Processing target: Paris","logger":"task.stdout"}
{"timestamp":"2026-07-08T09:42:10.115552Z","level":"info","event":"Success: Pipeline synchronized 'Paris (FR)'.","logger":"task.stdout"}
{"timestamp":"2026-07-08T09:42:10.116144Z","level":"info","event":"Processing target: New York,NY,US","logger":"task.stdout"}
{"timestamp":"2026-07-08T09:42:10.533921Z","level":"info","event":"Success: Pipeline synchronized 'New York (US)'.","logger":"task.stdout"}
{"timestamp":"2026-07-08T09:42:10.534880Z","level":"info","event":"Processing target: London","logger":"task.stdout"}
{"timestamp":"2026-07-08T09:42:11.157906Z","level":"info","event":"Success: Pipeline synchronized 'London (GB)'.","logger":"task.stdout"}
{"timestamp":"2026-07-08T09:42:11.160554Z","level":"info","event":"Done. Returned value was: None","run_id":"manual__2026-07-08T09:42:06.455573+00:00","ti_id":"019f411b-278e-7b9e-8433-f0ab71fe57bf","task_id":"fetch_and_save_aqi_data","map_index":-1,"dag_id":"openweather_aqi_pipeline","try_number":1,"logger":"airflow.task.operators.airflow.providers.standard.operators.python.PythonOperator","filename":"python.py","lineno":233}
{"timestamp":"2026-07-08T09:42:11.160756Z","level":"info","event":"::group::Post Execute","run_id":"manual__2026-07-08T09:42:06.455573+00:00","ti_id":"019f411b-278e-7b9e-8433-f0ab71fe57bf","task_id":"fetch_and_save_aqi_data","map_index":-1,"dag_id":"openweather_aqi_pipeline","try_number":1,"logger":"task","filename":"task_runner.py","lineno":1288}
{"timestamp":"2026-07-08T09:42:11.178735Z","level":"info","event":"::endgroup::","run_id":"manual__2026-07-08T09:42:06.455573+00:00","ti_id":"019f411b-278e-7b9e-8433-f0ab71fe57bf","task_id":"fetch_and_save_aqi_data","map_index":-1,"dag_id":"openweather_aqi_pipeline","try_number":1,"logger":"task","filename":"task_runner.py","lineno":1896}
