{"timestamp":"2026-07-07T09:23:02.562133Z","level":"info","event":"::group::Pre Execute","logger":"task","filename":"task_runner.py","lineno":1926}
{"timestamp":"2026-07-07T09:23:02.582548Z","level":"info","event":"DAG bundles loaded: dags-folder","run_id":"scheduled__2026-07-07T00:00:00+00:00","task_id":"fetch_and_save_aqi_data","map_index":-1,"dag_id":"openweather_aqi_pipeline","ti_id":"019f3be3-41fc-7ad4-87eb-8c6546414432","try_number":1,"logger":"airflow.dag_processing.bundles.manager.DagBundlesManager","filename":"manager.py","lineno":209}
{"timestamp":"2026-07-07T09:23:02.583843Z","level":"info","event":"Filling up the DagBag from /opt/airflow/dags/weather_dag.py","run_id":"scheduled__2026-07-07T00:00:00+00:00","task_id":"fetch_and_save_aqi_data","map_index":-1,"dag_id":"openweather_aqi_pipeline","ti_id":"019f3be3-41fc-7ad4-87eb-8c6546414432","try_number":1,"logger":"airflow.dag_processing.dagbag.BundleDagBag","filename":"dagbag.py","lineno":469}
{"timestamp":"2026-07-07T09:23:02.769131Z","level":"info","event":"::endgroup::","run_id":"scheduled__2026-07-07T00:00:00+00:00","task_id":"fetch_and_save_aqi_data","map_index":-1,"dag_id":"openweather_aqi_pipeline","ti_id":"019f3be3-41fc-7ad4-87eb-8c6546414432","try_number":1,"logger":"task","filename":"task_runner.py","lineno":1727}
{"timestamp":"2026-07-07T09:23:02.770694Z","level":"info","event":"Reading database blueprints from root path: /opt/airflow/air.sql","logger":"task.stdout"}
{"timestamp":"2026-07-07T09:23:02.790548Z","level":"info","event":"Schema successfully initialized via root air.sql file.","logger":"task.stdout"}
{"timestamp":"2026-07-07T09:23:02.791236Z","level":"info","event":"Starting API extraction stream at 2026-07-07 09:23:02.790541","logger":"task.stdout"}
{"timestamp":"2026-07-07T09:23:02.791761Z","level":"info","event":"Processing target: Hanoi","logger":"task.stdout"}
{"timestamp":"2026-07-07T09:23:03.267843Z","level":"info","event":"Success: Pipeline synchronized 'Hanoi (VN)'.","logger":"task.stdout"}
{"timestamp":"2026-07-07T09:23:03.268439Z","level":"info","event":"Processing target: Hue","logger":"task.stdout"}
{"timestamp":"2026-07-07T09:23:03.728633Z","level":"info","event":"Success: Pipeline synchronized 'Hue (VN)'.","logger":"task.stdout"}
{"timestamp":"2026-07-07T09:23:03.729183Z","level":"info","event":"Processing target: Tokyo","logger":"task.stdout"}
{"timestamp":"2026-07-07T09:23:04.208883Z","level":"info","event":"Success: Pipeline synchronized 'Tokyo (JP)'.","logger":"task.stdout"}
{"timestamp":"2026-07-07T09:23:04.209937Z","level":"info","event":"Processing target: Paris","logger":"task.stdout"}
{"timestamp":"2026-07-07T09:23:04.718168Z","level":"info","event":"Success: Pipeline synchronized 'Paris (FR)'.","logger":"task.stdout"}
{"timestamp":"2026-07-07T09:23:04.718744Z","level":"info","event":"Processing target: New York,NY,US","logger":"task.stdout"}
{"timestamp":"2026-07-07T09:23:05.187653Z","level":"info","event":"Success: Pipeline synchronized 'New York (US)'.","logger":"task.stdout"}
{"timestamp":"2026-07-07T09:23:05.188274Z","level":"info","event":"Processing target: London","logger":"task.stdout"}
{"timestamp":"2026-07-07T09:23:05.640921Z","level":"info","event":"Success: Pipeline synchronized 'London (GB)'.","logger":"task.stdout"}
{"timestamp":"2026-07-07T09:23:05.642030Z","level":"info","event":"Done. Returned value was: None","run_id":"scheduled__2026-07-07T00:00:00+00:00","task_id":"fetch_and_save_aqi_data","map_index":-1,"dag_id":"openweather_aqi_pipeline","ti_id":"019f3be3-41fc-7ad4-87eb-8c6546414432","try_number":1,"logger":"airflow.task.operators.airflow.providers.standard.operators.python.PythonOperator","filename":"python.py","lineno":233}
{"timestamp":"2026-07-07T09:23:05.642195Z","level":"info","event":"::group::Post Execute","run_id":"scheduled__2026-07-07T00:00:00+00:00","task_id":"fetch_and_save_aqi_data","map_index":-1,"dag_id":"openweather_aqi_pipeline","ti_id":"019f3be3-41fc-7ad4-87eb-8c6546414432","try_number":1,"logger":"task","filename":"task_runner.py","lineno":1288}
{"timestamp":"2026-07-07T09:23:05.658598Z","level":"info","event":"::endgroup::","run_id":"scheduled__2026-07-07T00:00:00+00:00","task_id":"fetch_and_save_aqi_data","map_index":-1,"dag_id":"openweather_aqi_pipeline","ti_id":"019f3be3-41fc-7ad4-87eb-8c6546414432","try_number":1,"logger":"task","filename":"task_runner.py","lineno":1896}
{"timestamp":"2026-07-07T09:42:13.320640Z","level":"info","event":"::group::Pre Execute","logger":"task","filename":"task_runner.py","lineno":1926}
{"timestamp":"2026-07-07T09:42:13.343992Z","level":"info","event":"DAG bundles loaded: dags-folder","run_id":"scheduled__2026-07-07T00:00:00+00:00","try_number":1,"ti_id":"019f3bf4-d2d1-7316-99aa-f2dd273cefc3","dag_id":"openweather_aqi_pipeline","map_index":-1,"task_id":"fetch_and_save_aqi_data","logger":"airflow.dag_processing.bundles.manager.DagBundlesManager","filename":"manager.py","lineno":209}
{"timestamp":"2026-07-07T09:42:13.345554Z","level":"info","event":"Filling up the DagBag from /opt/airflow/dags/weather_dag.py","run_id":"scheduled__2026-07-07T00:00:00+00:00","try_number":1,"ti_id":"019f3bf4-d2d1-7316-99aa-f2dd273cefc3","dag_id":"openweather_aqi_pipeline","map_index":-1,"task_id":"fetch_and_save_aqi_data","logger":"airflow.dag_processing.dagbag.BundleDagBag","filename":"dagbag.py","lineno":469}
{"timestamp":"2026-07-07T09:42:13.575891Z","level":"info","event":"::endgroup::","run_id":"scheduled__2026-07-07T00:00:00+00:00","try_number":1,"ti_id":"019f3bf4-d2d1-7316-99aa-f2dd273cefc3","dag_id":"openweather_aqi_pipeline","map_index":-1,"task_id":"fetch_and_save_aqi_data","logger":"task","filename":"task_runner.py","lineno":1727}
{"timestamp":"2026-07-07T09:42:13.577607Z","level":"info","event":"Reading database blueprints from root path: /opt/airflow/air.sql","logger":"task.stdout"}
{"timestamp":"2026-07-07T09:42:13.598952Z","level":"info","event":"Schema successfully initialized via root air.sql file.","logger":"task.stdout"}
{"timestamp":"2026-07-07T09:42:13.599629Z","level":"info","event":"Starting API extraction stream at 2026-07-07 09:42:13.598965","logger":"task.stdout"}
{"timestamp":"2026-07-07T09:42:13.600136Z","level":"info","event":"Processing target: Hanoi","logger":"task.stdout"}
{"timestamp":"2026-07-07T09:42:14.083008Z","level":"info","event":"Success: Pipeline synchronized 'Hanoi (VN)'.","logger":"task.stdout"}
{"timestamp":"2026-07-07T09:42:14.083622Z","level":"info","event":"Processing target: Hue","logger":"task.stdout"}
{"timestamp":"2026-07-07T09:42:14.756250Z","level":"info","event":"Success: Pipeline synchronized 'Hue (VN)'.","logger":"task.stdout"}
{"timestamp":"2026-07-07T09:42:14.756824Z","level":"info","event":"Processing target: Tokyo","logger":"task.stdout"}
{"timestamp":"2026-07-07T09:42:15.195060Z","level":"info","event":"Success: Pipeline synchronized 'Tokyo (JP)'.","logger":"task.stdout"}
{"timestamp":"2026-07-07T09:42:15.195738Z","level":"info","event":"Processing target: Paris","logger":"task.stdout"}
{"timestamp":"2026-07-07T09:42:15.854560Z","level":"info","event":"Success: Pipeline synchronized 'Paris (FR)'.","logger":"task.stdout"}
{"timestamp":"2026-07-07T09:42:15.855571Z","level":"info","event":"Processing target: New York,NY,US","logger":"task.stdout"}
{"timestamp":"2026-07-07T09:42:16.502551Z","level":"info","event":"Success: Pipeline synchronized 'New York (US)'.","logger":"task.stdout"}
{"timestamp":"2026-07-07T09:42:16.503188Z","level":"info","event":"Processing target: London","logger":"task.stdout"}
{"timestamp":"2026-07-07T09:42:17.147803Z","level":"info","event":"Success: Pipeline synchronized 'London (GB)'.","logger":"task.stdout"}
{"timestamp":"2026-07-07T09:42:17.149107Z","level":"info","event":"Done. Returned value was: None","run_id":"scheduled__2026-07-07T00:00:00+00:00","try_number":1,"ti_id":"019f3bf4-d2d1-7316-99aa-f2dd273cefc3","dag_id":"openweather_aqi_pipeline","map_index":-1,"task_id":"fetch_and_save_aqi_data","logger":"airflow.task.operators.airflow.providers.standard.operators.python.PythonOperator","filename":"python.py","lineno":233}
{"timestamp":"2026-07-07T09:42:17.149320Z","level":"info","event":"::group::Post Execute","run_id":"scheduled__2026-07-07T00:00:00+00:00","try_number":1,"ti_id":"019f3bf4-d2d1-7316-99aa-f2dd273cefc3","dag_id":"openweather_aqi_pipeline","map_index":-1,"task_id":"fetch_and_save_aqi_data","logger":"task","filename":"task_runner.py","lineno":1288}
{"timestamp":"2026-07-07T09:42:17.169238Z","level":"info","event":"::endgroup::","run_id":"scheduled__2026-07-07T00:00:00+00:00","try_number":1,"ti_id":"019f3bf4-d2d1-7316-99aa-f2dd273cefc3","dag_id":"openweather_aqi_pipeline","map_index":-1,"task_id":"fetch_and_save_aqi_data","logger":"task","filename":"task_runner.py","lineno":1896}
